Using pre-set license
Built from '2020.3/staging' branch; Version is '2020.3.11f1 (99c7afb366b3) revision 10078127'; Using compiler version '192528614'; Build Type 'Release'
OS: 'Windows 10 Pro; OS build 19042.985; Version 2009; 64bit' Language: 'en' Physical Memory: 32717 MB
BatchMode: 1, IsHumanControllingUs: 0, StartBugReporterOnCrash: 0, Is64bit: 1, IsPro: 0

 COMMAND LINE ARGUMENTS:
E:\Program Files\2020.3.11f1\Editor\Unity.exe
-adb2
-batchMode
-noUpm
-name
AssetImportWorker0
-projectPath
E:/YouTube/Udemy/Unity Game Effects - Orb AoE/OrbExplosion_2020.3_URP00
-logFile
Logs/AssetImportWorker0.log
-srvPort
59123
Successfully changed project path to: E:/YouTube/Udemy/Unity Game Effects - Orb AoE/OrbExplosion_2020.3_URP00
E:/YouTube/Udemy/Unity Game Effects - Orb AoE/OrbExplosion_2020.3_URP00
Using Asset Import Pipeline V2.
Refreshing native plugins compatible for Editor in 79.80 ms, found 2 plugins.
Preloading 0 native plugins for Editor in 0.00 ms.
Initialize engine version: 2020.3.11f1 (99c7afb366b3)
[Subsystems] Discovering subsystems at path E:/Program Files/2020.3.11f1/Editor/Data/Resources/UnitySubsystems
[Subsystems] Discovering subsystems at path E:/YouTube/Udemy/Unity Game Effects - Orb AoE/OrbExplosion_2020.3_URP00/Assets
GfxDevice: creating device client; threaded=0
Direct3D:
    Version:  Direct3D 11.0 [level 11.1]
    Renderer: NVIDIA GeForce GTX 1080 Ti (ID=0x1b06)
    Vendor:   
    VRAM:     11127 MB
    Driver:   27.21.14.6663
Shader 'Universal Render Pipeline/Particles/Lit': fallback shader 'Universal Render Pipeline/Particles/SimpleLit' not found
Initialize mono
Mono path[0] = 'E:/Program Files/2020.3.11f1/Editor/Data/Managed'
Mono path[1] = 'E:/Program Files/2020.3.11f1/Editor/Data/MonoBleedingEdge/lib/mono/unityjit'
Mono config path = 'E:/Program Files/2020.3.11f1/Editor/Data/MonoBleedingEdge/etc'
Using monoOptions --debugger-agent=transport=dt_socket,embedding=1,server=y,suspend=n,address=127.0.0.1:56764
Begin MonoManager ReloadAssembly
Registering precompiled unity dll's ...
Register platform support module: E:/Program Files/2020.3.11f1/Editor/Data/PlaybackEngines/WindowsStandaloneSupport/UnityEditor.WindowsStandalone.Extensions.dll
Registered in 0.003063 seconds.
Native extension for WindowsStandalone target not found
Refreshing native plugins compatible for Editor in 84.10 ms, found 2 plugins.
Preloading 0 native plugins for Editor in 0.00 ms.
Mono: successfully reloaded assembly
- Completed reload, in  2.601 seconds
Platform modules already initialized, skipping
Registering precompiled user dll's ...
Registered in 0.007704 seconds.
Begin MonoManager ReloadAssembly
Native extension for WindowsStandalone target not found
Refreshing native plugins compatible for Editor in 80.50 ms, found 2 plugins.
Preloading 0 native plugins for Editor in 0.00 ms.
Mono: successfully reloaded assembly
- Completed reload, in  2.569 seconds
Platform modules already initialized, skipping
========================================================================
Worker process is ready to serve import requests
Shader 'Universal Render Pipeline/Particles/Lit': fallback shader 'Universal Render Pipeline/Particles/SimpleLit' not found
Launched and connected shader compiler UnityShaderCompiler.exe after 0.30 seconds
Refreshing native plugins compatible for Editor in 1.03 ms, found 2 plugins.
Preloading 0 native plugins for Editor in 0.00 ms.
Unloading 2778 Unused Serialized files (Serialized files now loaded: 0)
System memory in use before: 126.2 MB.
System memory in use after: 126.4 MB.

Unloading 19 unused Assets to reduce memory usage. Loaded Objects now: 3231.
Total: 3.662500 ms (FindLiveObjects: 0.362600 ms CreateObjectMapping: 0.124300 ms MarkObjects: 3.068900 ms  DeleteObjects: 0.105200 ms)

========================================================================
Received Import Request.
  path: Assets/GabrielAguiarProductions/VFXGraph_OrbExplosion.unity
  artifactKey: Guid(0a70f11844d2e564985630aa5a0fdd1d) Importer(815301076,1909f56bfc062723c751e8b465ee728b)
Start importing Assets/GabrielAguiarProductions/VFXGraph_OrbExplosion.unity using Guid(0a70f11844d2e564985630aa5a0fdd1d) Importer(815301076,1909f56bfc062723c751e8b465ee728b)  -> (artifact id: '5d9c79c1b169e487a11bf68050269d80') in 0.104713 seconds
  Import took 0.112702 seconds .

========================================================================
Received Import Request.
  Time since last request: 6.287724 seconds.
  path: Assets/GabrielAguiarProductions/Models/OrbExplosion_Meshes.blend
  artifactKey: Guid(08f2de50afb46cf448e312a10158b026) Importer(815301076,1909f56bfc062723c751e8b465ee728b)
Start importing Assets/GabrielAguiarProductions/Models/OrbExplosion_Meshes.blend using Guid(08f2de50afb46cf448e312a10158b026) Importer(815301076,1909f56bfc062723c751e8b465ee728b)  -> (artifact id: '72658028ab4aa5d5fbe16631d73312e8') in 1.391737 seconds
  Import took 1.398377 seconds .

========================================================================
Received Import Request.
  Time since last request: 3.573253 seconds.
  path: Assets/GabrielAguiarProductions/Prefabs/vfx_Orb_Explosion.prefab
  artifactKey: Guid(be423dda6672f514bbfef8eed6291991) Importer(815301076,1909f56bfc062723c751e8b465ee728b)
Start importing Assets/GabrielAguiarProductions/Prefabs/vfx_Orb_Explosion.prefab using Guid(be423dda6672f514bbfef8eed6291991) Importer(815301076,1909f56bfc062723c751e8b465ee728b)  -> (artifact id: '21f8490184f49752255d0d7d9545bd7d') in 0.134548 seconds
  Import took 0.146974 seconds .

========================================================================
Received Import Request.
  Time since last request: 4.853762 seconds.
  path: Assets/GabrielAguiarProductions/Scripts
  artifactKey: Guid(797bd881dd49abf4b92d01fcd77ddc63) Importer(815301076,1909f56bfc062723c751e8b465ee728b)
Start importing Assets/GabrielAguiarProductions/Scripts using Guid(797bd881dd49abf4b92d01fcd77ddc63) Importer(815301076,1909f56bfc062723c751e8b465ee728b)  -> (artifact id: '286b26a5061d28f46d0cb0dd8d0f0db1') in 0.008803 seconds
  Import took 0.015122 seconds .

========================================================================
Received Import Request.
  Time since last request: 4.741996 seconds.
  path: Assets/GabrielAguiarProductions/Shaders/MasterShaderVFXGraph.shadergraph
  artifactKey: Guid(e258e3daef09481409a01243274a8ed4) Importer(815301076,1909f56bfc062723c751e8b465ee728b)
Start importing Assets/GabrielAguiarProductions/Shaders/MasterShaderVFXGraph.shadergraph using Guid(e258e3daef09481409a01243274a8ed4) Importer(815301076,1909f56bfc062723c751e8b465ee728b)  -> (artifact id: 'cda68d6356ad50a7f9bff674a3c7d73a') in 0.031872 seconds
  Import took 0.041315 seconds .

========================================================================
Received Import Request.
  Time since last request: 0.032080 seconds.
  path: Assets/GabrielAguiarProductions/Shaders/MasterShaderVFXGraph.shadergraph
  artifactKey: Guid(e258e3daef09481409a01243274a8ed4) Importer(815301076,1909f56bfc062723c751e8b465ee728b)
Start importing Assets/GabrielAguiarProductions/Shaders/MasterShaderVFXGraph.shadergraph using Guid(e258e3daef09481409a01243274a8ed4) Importer(815301076,1909f56bfc062723c751e8b465ee728b)  -> (artifact id: 'cda68d6356ad50a7f9bff674a3c7d73a') in 0.009693 seconds
  Import took 0.015753 seconds .

========================================================================
Received Import Request.
  Time since last request: 2.109626 seconds.
  path: Assets/GabrielAguiarProductions/Textures/Circle01.psd
  artifactKey: Guid(c8b306822c5bab94e92881f360e79535) Importer(815301076,1909f56bfc062723c751e8b465ee728b)
Start importing Assets/GabrielAguiarProductions/Textures/Circle01.psd using Guid(c8b306822c5bab94e92881f360e79535) Importer(815301076,1909f56bfc062723c751e8b465ee728b)  -> (artifact id: '005caa41e7ddabfb55d9fb11dd190bc9') in 0.045877 seconds
  Import took 0.052316 seconds .

========================================================================
Received Import Request.
  Time since last request: 0.062938 seconds.
  path: Assets/GabrielAguiarProductions/Textures/Circle01.psd
  artifactKey: Guid(c8b306822c5bab94e92881f360e79535) Importer(815301076,1909f56bfc062723c751e8b465ee728b)
Start importing Assets/GabrielAguiarProductions/Textures/Circle01.psd using Guid(c8b306822c5bab94e92881f360e79535) Importer(815301076,1909f56bfc062723c751e8b465ee728b)  -> (artifact id: '005caa41e7ddabfb55d9fb11dd190bc9') in 0.020263 seconds
  Import took 0.027626 seconds .

========================================================================
Received Import Request.
  Time since last request: 1.714649 seconds.
  path: Assets/GabrielAguiarProductions/Textures/Noise01.psd
  artifactKey: Guid(e4d28c0ffca4b5f429924bd6eadb479a) Importer(815301076,1909f56bfc062723c751e8b465ee728b)
Start importing Assets/GabrielAguiarProductions/Textures/Noise01.psd using Guid(e4d28c0ffca4b5f429924bd6eadb479a) Importer(815301076,1909f56bfc062723c751e8b465ee728b)  -> (artifact id: 'db822b9077eae207d74e59bc843cbc1c') in 0.020694 seconds
  Import took 0.027240 seconds .

AssetImportWorkerClient::OnTransportError - code=2 error=End of file
